// Jest Snapshot v1, https://goo.gl/fbAQLP

exports[`Form Component Snapshot Matching 1`] = `
Array [
  <React.Fragment>
    <Information />
  </React.Fragment>,
]
`;
