// Jest Snapshot v1, https://goo.gl/fbAQLP

exports[`Information Component Snapshot Matching 1`] = `
Array [
  null,
]
`;
